src/pages/admin/AddPatient.tsx(2,30): error TS6133: 'Clock' is declared but its value is never read.
src/pages/admin/Analytics.tsx(2,63): error TS6133: 'CreditCard' is declared but its value is never read.
src/pages/admin/Doctors.tsx(2,65): error TS6133: 'MapPin' is declared but its value is never read.
src/pages/admin/LeaveRequests.tsx(2,50): error TS6133: 'Search' is declared but its value is never read.
src/pages/doctor/Appointments.tsx(8,9): error TS6133: 'navigate' is declared but its value is never read.
src/pages/doctor/Appointments.tsx(9,10): error TS6133: 'profile' is declared but its value is never read.
src/pages/doctor/ChangePassword.tsx(10,11): error TS6133: 'user' is declared but its value is never read.
src/pages/doctor/Dashboard.tsx(5,23): error TS6133: 'Star' is declared but its value is never read.
src/pages/doctor/Dashboard.tsx(5,70): error TS6133: 'Key' is declared but its value is never read.
src/pages/doctor/Patients.tsx(9,10): error TS6133: 'profile' is declared but its value is never read.
src/pages/doctor/Patients.tsx(12,10): error TS6133: 'activeDropdown' is declared but its value is never read.
src/pages/doctor/Prescriptions.tsx(2,59): error TS6133: 'CheckCircle' is declared but its value is never read.
src/pages/doctor/Prescriptions.tsx(2,72): error TS6133: 'Clock' is declared but its value is never read.
src/pages/doctor/Prescriptions.tsx(26,9): error TS6133: 'formRef' is declared but its value is never read.
